0 verbose cli /usr/bin/node /usr/bin/npm
1 info using npm@10.8.2
2 info using node@v20.20.2
3 silly config load:file:/usr/lib/node_modules/npm/npmrc
4 silly config load:file:/home/user/.npmrc
5 silly config load:file:/usr/etc/npmrc
6 verbose title npm install
7 verbose argv "install"
8 verbose logfile logs-max:10 dir:/home/user/.npm/_logs/2026-08-07T05_27_13_683Z-
9 verbose logfile /home/user/.npm/_logs/2026-08-07T05_27_13_683Z-debug-0.log
10 silly packumentCache heap:998768640 maxSize:249692160 maxEntrySize:124846080
11 silly logfile done cleaning log files
12 silly idealTree buildDeps
13 silly reify moves {}
14 silly audit bulk request {
14 silly audit   '@babel/code-frame': [ '7.29.7' ],
14 silly audit   '@babel/compat-data': [ '7.29.7' ],
14 silly audit   '@babel/core': [ '7.29.7' ],
14 silly audit   '@babel/generator': [ '7.29.8' ],
14 silly audit   '@babel/helper-compilation-targets': [ '7.29.7' ],
14 silly audit   '@babel/helper-globals': [ '7.29.7' ],
14 silly audit   '@babel/helper-module-imports': [ '7.29.7' ],
14 silly audit   '@babel/helper-module-transforms': [ '7.29.7' ],
14 silly audit   '@babel/helper-plugin-utils': [ '7.29.7' ],
14 silly audit   '@babel/helper-string-parser': [ '7.29.7' ],
14 silly audit   '@babel/helper-validator-identifier': [ '7.29.7' ],
14 silly audit   '@babel/helper-validator-option': [ '7.29.7' ],
14 silly audit   '@babel/helpers': [ '7.29.7' ],
14 silly audit   '@babel/parser': [ '7.29.8' ],
14 silly audit   '@babel/plugin-transform-react-jsx-self': [ '7.29.7' ],
14 silly audit   '@babel/plugin-transform-react-jsx-source': [ '7.29.7' ],
14 silly audit   '@babel/template': [ '7.29.7' ],
14 silly audit   '@babel/traverse': [ '7.29.8' ],
14 silly audit   '@babel/types': [ '7.29.8' ],
14 silly audit   '@esbuild/aix-ppc64': [ '0.25.12' ],
14 silly audit   '@esbuild/android-arm': [ '0.25.12' ],
14 silly audit   '@esbuild/android-arm64': [ '0.25.12' ],
14 silly audit   '@esbuild/android-x64': [ '0.25.12' ],
14 silly audit   '@esbuild/darwin-arm64': [ '0.25.12' ],
14 silly audit   '@esbuild/darwin-x64': [ '0.25.12' ],
14 silly audit   '@esbuild/freebsd-arm64': [ '0.25.12' ],
14 silly audit   '@esbuild/freebsd-x64': [ '0.25.12' ],
14 silly audit   '@esbuild/linux-arm': [ '0.25.12' ],
14 silly audit   '@esbuild/linux-arm64': [ '0.25.12' ],
14 silly audit   '@esbuild/linux-ia32': [ '0.25.12' ],
14 silly audit   '@esbuild/linux-loong64': [ '0.25.12' ],
14 silly audit   '@esbuild/linux-mips64el': [ '0.25.12' ],
14 silly audit   '@esbuild/linux-ppc64': [ '0.25.12' ],
14 silly audit   '@esbuild/linux-riscv64': [ '0.25.12' ],
14 silly audit   '@esbuild/linux-s390x': [ '0.25.12' ],
14 silly audit   '@esbuild/linux-x64': [ '0.25.12' ],
14 silly audit   '@esbuild/netbsd-arm64': [ '0.25.12' ],
14 silly audit   '@esbuild/netbsd-x64': [ '0.25.12' ],
14 silly audit   '@esbuild/openbsd-arm64': [ '0.25.12' ],
14 silly audit   '@esbuild/openbsd-x64': [ '0.25.12' ],
14 silly audit   '@esbuild/openharmony-arm64': [ '0.25.12' ],
14 silly audit   '@esbuild/sunos-x64': [ '0.25.12' ],
14 silly audit   '@esbuild/win32-arm64': [ '0.25.12' ],
14 silly audit   '@esbuild/win32-ia32': [ '0.25.12' ],
14 silly audit   '@esbuild/win32-x64': [ '0.25.12' ],
14 silly audit   '@jridgewell/gen-mapping': [ '0.3.13' ],
14 silly audit   '@jridgewell/remapping': [ '2.3.5' ],
14 silly audit   '@jridgewell/resolve-uri': [ '3.1.2' ],
14 silly audit   '@jridgewell/sourcemap-codec': [ '1.5.5' ],
14 silly audit   '@jridgewell/trace-mapping': [ '0.3.31' ],
14 silly audit   '@napi-rs/lzma-linux-x64-gnu': [ '1.5.1' ],
14 silly audit   '@rolldown/pluginutils': [ '1.0.0-beta.27' ],
14 silly audit   '@rollup/rollup-android-arm-eabi': [ '4.62.4' ],
14 silly audit   '@rollup/rollup-android-arm64': [ '4.62.4' ],
14 silly audit   '@rollup/rollup-darwin-arm64': [ '4.62.4' ],
14 silly audit   '@rollup/rollup-darwin-x64': [ '4.62.4' ],
14 silly audit   '@rollup/rollup-freebsd-arm64': [ '4.62.4' ],
14 silly audit   '@rollup/rollup-freebsd-x64': [ '4.62.4' ],
14 silly audit   '@rollup/rollup-linux-arm-gnueabihf': [ '4.62.4' ],
14 silly audit   '@rollup/rollup-linux-arm-musleabihf': [ '4.62.4' ],
14 silly audit   '@rollup/rollup-linux-arm64-gnu': [ '4.62.4' ],
14 silly audit   '@rollup/rollup-linux-arm64-musl': [ '4.62.4' ],
14 silly audit   '@rollup/rollup-linux-loong64-gnu': [ '4.62.4' ],
14 silly audit   '@rollup/rollup-linux-loong64-musl': [ '4.62.4' ],
14 silly audit   '@rollup/rollup-linux-ppc64-gnu': [ '4.62.4' ],
14 silly audit   '@rollup/rollup-linux-ppc64-musl': [ '4.62.4' ],
14 silly audit   '@rollup/rollup-linux-riscv64-gnu': [ '4.62.4' ],
14 silly audit   '@rollup/rollup-linux-riscv64-musl': [ '4.62.4' ],
14 silly audit   '@rollup/rollup-linux-s390x-gnu': [ '4.62.4' ],
14 silly audit   '@rollup/rollup-linux-x64-gnu': [ '4.62.4' ],
14 silly audit   '@rollup/rollup-linux-x64-musl': [ '4.62.4' ],
14 silly audit   '@rollup/rollup-openbsd-x64': [ '4.62.4' ],
14 silly audit   '@rollup/rollup-openharmony-arm64': [ '4.62.4' ],
14 silly audit   '@rollup/rollup-win32-arm64-msvc': [ '4.62.4' ],
14 silly audit   '@rollup/rollup-win32-ia32-msvc': [ '4.62.4' ],
14 silly audit   '@rollup/rollup-win32-x64-gnu': [ '4.62.4' ],
14 silly audit   '@rollup/rollup-win32-x64-msvc': [ '4.62.4' ],
14 silly audit   '@supabase/auth-js': [ '2.109.0' ],
14 silly audit   '@supabase/functions-js': [ '2.109.0' ],
14 silly audit   '@supabase/phoenix': [ '0.4.4' ],
14 silly audit   '@supabase/postgrest-js': [ '2.109.0' ],
14 silly audit   '@supabase/realtime-js': [ '2.109.0' ],
14 silly audit   '@supabase/storage-js': [ '2.109.0' ],
14 silly audit   '@supabase/supabase-js': [ '2.109.0' ],
14 silly audit   '@types/babel__core': [ '7.20.5' ],
14 silly audit   '@types/babel__generator': [ '7.27.0' ],
14 silly audit   '@types/babel__template': [ '7.4.4' ],
14 silly audit   '@types/babel__traverse': [ '7.28.0' ],
14 silly audit   '@types/estree': [ '1.0.9' ],
14 silly audit   '@vitejs/plugin-react': [ '4.7.0' ],
14 silly audit   'baseline-browser-mapping': [ '2.11.12' ],
14 silly audit   browserslist: [ '4.28.7' ],
14 silly audit   'caniuse-lite': [ '1.0.30001806' ],
14 silly audit   'convert-source-map': [ '2.0.0' ],
14 silly audit   cookie: [ '1.1.1' ],
14 silly audit   debug: [ '4.4.3' ],
14 silly audit   'electron-to-chromium': [ '1.5.402' ],
14 silly audit   esbuild: [ '0.25.12' ],
14 silly audit   escalade: [ '3.2.0' ],
14 silly audit   fdir: [ '6.5.0' ],
14 silly audit   fsevents: [ '2.3.3' ],
14 silly audit   gensync: [ '1.0.0-beta.2' ],
14 silly audit   'iceberg-js': [ '0.8.1' ],
14 silly audit   'js-tokens': [ '4.0.0' ],
14 silly audit   jsesc: [ '3.1.0' ],
14 silly audit   json5: [ '2.2.3' ],
14 silly audit   'loose-envify': [ '1.4.0' ],
14 silly audit   'lru-cache': [ '5.1.1' ],
14 silly audit   'lucide-react': [ '0.468.0' ],
14 silly audit   ms: [ '2.1.3' ],
14 silly audit   nanoid: [ '3.3.17' ],
14 silly audit   'node-releases': [ '2.0.53' ],
14 silly audit   picocolors: [ '1.1.1' ],
14 silly audit   picomatch: [ '4.0.5' ],
14 silly audit   postcss: [ '8.5.25' ],
14 silly audit   react: [ '18.3.1' ],
14 silly audit   'react-dom': [ '18.3.1' ],
14 silly audit   'react-refresh': [ '0.17.0' ],
14 silly audit   'react-router': [ '7.18.2' ],
14 silly audit   'react-router-dom': [ '7.18.2' ],
14 silly audit   rollup: [ '4.62.4' ],
14 silly audit   scheduler: [ '0.23.2' ],
14 silly audit   semver: [ '6.3.1' ],
14 silly audit   'set-cookie-parser': [ '2.7.2' ],
14 silly audit   'source-map-js': [ '1.2.1' ],
14 silly audit   tinyglobby: [ '0.2.17' ],
14 silly audit   tslib: [ '2.8.1' ],
14 silly audit   'update-browserslist-db': [ '1.2.3' ],
14 silly audit   vite: [ '6.4.3' ],
14 silly audit   yallist: [ '3.1.1' ]
14 silly audit }
15 verbose reify failed optional dependency /home/user/node_modules/fsevents
16 silly reify mark deleted [ '/home/user/node_modules/fsevents' ]
17 verbose reify failed optional dependency /home/user/node_modules/@rollup/rollup-win32-x64-msvc
18 silly reify mark deleted [ '/home/user/node_modules/@rollup/rollup-win32-x64-msvc' ]
19 verbose reify failed optional dependency /home/user/node_modules/@rollup/rollup-win32-x64-gnu
20 silly reify mark deleted [ '/home/user/node_modules/@rollup/rollup-win32-x64-gnu' ]
21 verbose reify failed optional dependency /home/user/node_modules/@rollup/rollup-win32-ia32-msvc
22 silly reify mark deleted [ '/home/user/node_modules/@rollup/rollup-win32-ia32-msvc' ]
23 verbose reify failed optional dependency /home/user/node_modules/@rollup/rollup-win32-arm64-msvc
24 silly reify mark deleted [ '/home/user/node_modules/@rollup/rollup-win32-arm64-msvc' ]
25 verbose reify failed optional dependency /home/user/node_modules/@rollup/rollup-openharmony-arm64
26 silly reify mark deleted [ '/home/user/node_modules/@rollup/rollup-openharmony-arm64' ]
27 verbose reify failed optional dependency /home/user/node_modules/@rollup/rollup-openbsd-x64
28 silly reify mark deleted [ '/home/user/node_modules/@rollup/rollup-openbsd-x64' ]
29 verbose reify failed optional dependency /home/user/node_modules/@rollup/rollup-linux-s390x-gnu
30 silly reify mark deleted [ '/home/user/node_modules/@rollup/rollup-linux-s390x-gnu' ]
31 verbose reify failed optional dependency /home/user/node_modules/@rollup/rollup-linux-riscv64-musl
32 silly reify mark deleted [ '/home/user/node_modules/@rollup/rollup-linux-riscv64-musl' ]
33 verbose reify failed optional dependency /home/user/node_modules/@rollup/rollup-linux-riscv64-gnu
34 silly reify mark deleted [ '/home/user/node_modules/@rollup/rollup-linux-riscv64-gnu' ]
35 verbose reify failed optional dependency /home/user/node_modules/@rollup/rollup-linux-ppc64-musl
36 silly reify mark deleted [ '/home/user/node_modules/@rollup/rollup-linux-ppc64-musl' ]
37 verbose reify failed optional dependency /home/user/node_modules/@rollup/rollup-linux-ppc64-gnu
38 silly reify mark deleted [ '/home/user/node_modules/@rollup/rollup-linux-ppc64-gnu' ]
39 verbose reify failed optional dependency /home/user/node_modules/@rollup/rollup-linux-loong64-musl
40 silly reify mark deleted [ '/home/user/node_modules/@rollup/rollup-linux-loong64-musl' ]
41 verbose reify failed optional dependency /home/user/node_modules/@rollup/rollup-linux-loong64-gnu
42 silly reify mark deleted [ '/home/user/node_modules/@rollup/rollup-linux-loong64-gnu' ]
43 verbose reify failed optional dependency /home/user/node_modules/@rollup/rollup-linux-arm64-musl
44 silly reify mark deleted [ '/home/user/node_modules/@rollup/rollup-linux-arm64-musl' ]
45 verbose reify failed optional dependency /home/user/node_modules/@rollup/rollup-linux-arm64-gnu
46 silly reify mark deleted [ '/home/user/node_modules/@rollup/rollup-linux-arm64-gnu' ]
47 verbose reify failed optional dependency /home/user/node_modules/@rollup/rollup-linux-arm-musleabihf
48 silly reify mark deleted [ '/home/user/node_modules/@rollup/rollup-linux-arm-musleabihf' ]
49 verbose reify failed optional dependency /home/user/node_modules/@rollup/rollup-linux-arm-gnueabihf
50 silly reify mark deleted [ '/home/user/node_modules/@rollup/rollup-linux-arm-gnueabihf' ]
51 verbose reify failed optional dependency /home/user/node_modules/@rollup/rollup-freebsd-x64
52 silly reify mark deleted [ '/home/user/node_modules/@rollup/rollup-freebsd-x64' ]
53 verbose reify failed optional dependency /home/user/node_modules/@rollup/rollup-freebsd-arm64
54 silly reify mark deleted [ '/home/user/node_modules/@rollup/rollup-freebsd-arm64' ]
55 verbose reify failed optional dependency /home/user/node_modules/@rollup/rollup-darwin-x64
56 silly reify mark deleted [ '/home/user/node_modules/@rollup/rollup-darwin-x64' ]
57 verbose reify failed optional dependency /home/user/node_modules/@rollup/rollup-darwin-arm64
58 silly reify mark deleted [ '/home/user/node_modules/@rollup/rollup-darwin-arm64' ]
59 verbose reify failed optional dependency /home/user/node_modules/@rollup/rollup-android-arm64
60 silly reify mark deleted [ '/home/user/node_modules/@rollup/rollup-android-arm64' ]
61 verbose reify failed optional dependency /home/user/node_modules/@rollup/rollup-android-arm-eabi
62 silly reify mark deleted [ '/home/user/node_modules/@rollup/rollup-android-arm-eabi' ]
63 verbose reify failed optional dependency /home/user/node_modules/@napi-rs/lzma-linux-x64-gnu
64 silly reify mark deleted [ '/home/user/node_modules/@napi-rs/lzma-linux-x64-gnu' ]
65 verbose reify failed optional dependency /home/user/node_modules/@esbuild/win32-x64
66 silly reify mark deleted [ '/home/user/node_modules/@esbuild/win32-x64' ]
67 verbose reify failed optional dependency /home/user/node_modules/@esbuild/win32-ia32
68 silly reify mark deleted [ '/home/user/node_modules/@esbuild/win32-ia32' ]
69 verbose reify failed optional dependency /home/user/node_modules/@esbuild/win32-arm64
70 silly reify mark deleted [ '/home/user/node_modules/@esbuild/win32-arm64' ]
71 verbose reify failed optional dependency /home/user/node_modules/@esbuild/sunos-x64
72 silly reify mark deleted [ '/home/user/node_modules/@esbuild/sunos-x64' ]
73 verbose reify failed optional dependency /home/user/node_modules/@esbuild/openharmony-arm64
74 silly reify mark deleted [ '/home/user/node_modules/@esbuild/openharmony-arm64' ]
75 verbose reify failed optional dependency /home/user/node_modules/@esbuild/openbsd-x64
76 silly reify mark deleted [ '/home/user/node_modules/@esbuild/openbsd-x64' ]
77 verbose reify failed optional dependency /home/user/node_modules/@esbuild/openbsd-arm64
78 silly reify mark deleted [ '/home/user/node_modules/@esbuild/openbsd-arm64' ]
79 verbose reify failed optional dependency /home/user/node_modules/@esbuild/netbsd-x64
80 silly reify mark deleted [ '/home/user/node_modules/@esbuild/netbsd-x64' ]
81 verbose reify failed optional dependency /home/user/node_modules/@esbuild/netbsd-arm64
82 silly reify mark deleted [ '/home/user/node_modules/@esbuild/netbsd-arm64' ]
83 verbose reify failed optional dependency /home/user/node_modules/@esbuild/linux-s390x
84 silly reify mark deleted [ '/home/user/node_modules/@esbuild/linux-s390x' ]
85 verbose reify failed optional dependency /home/user/node_modules/@esbuild/linux-riscv64
86 silly reify mark deleted [ '/home/user/node_modules/@esbuild/linux-riscv64' ]
87 verbose reify failed optional dependency /home/user/node_modules/@esbuild/linux-ppc64
88 silly reify mark deleted [ '/home/user/node_modules/@esbuild/linux-ppc64' ]
89 verbose reify failed optional dependency /home/user/node_modules/@esbuild/linux-mips64el
90 silly reify mark deleted [ '/home/user/node_modules/@esbuild/linux-mips64el' ]
91 verbose reify failed optional dependency /home/user/node_modules/@esbuild/linux-loong64
92 silly reify mark deleted [ '/home/user/node_modules/@esbuild/linux-loong64' ]
93 verbose reify failed optional dependency /home/user/node_modules/@esbuild/linux-ia32
94 silly reify mark deleted [ '/home/user/node_modules/@esbuild/linux-ia32' ]
95 verbose reify failed optional dependency /home/user/node_modules/@esbuild/linux-arm64
96 silly reify mark deleted [ '/home/user/node_modules/@esbuild/linux-arm64' ]
97 verbose reify failed optional dependency /home/user/node_modules/@esbuild/linux-arm
98 silly reify mark deleted [ '/home/user/node_modules/@esbuild/linux-arm' ]
99 verbose reify failed optional dependency /home/user/node_modules/@esbuild/freebsd-x64
100 silly reify mark deleted [ '/home/user/node_modules/@esbuild/freebsd-x64' ]
101 verbose reify failed optional dependency /home/user/node_modules/@esbuild/freebsd-arm64
102 silly reify mark deleted [ '/home/user/node_modules/@esbuild/freebsd-arm64' ]
103 verbose reify failed optional dependency /home/user/node_modules/@esbuild/darwin-x64
104 silly reify mark deleted [ '/home/user/node_modules/@esbuild/darwin-x64' ]
105 verbose reify failed optional dependency /home/user/node_modules/@esbuild/darwin-arm64
106 silly reify mark deleted [ '/home/user/node_modules/@esbuild/darwin-arm64' ]
107 verbose reify failed optional dependency /home/user/node_modules/@esbuild/android-x64
108 silly reify mark deleted [ '/home/user/node_modules/@esbuild/android-x64' ]
109 verbose reify failed optional dependency /home/user/node_modules/@esbuild/android-arm64
110 silly reify mark deleted [ '/home/user/node_modules/@esbuild/android-arm64' ]
111 verbose reify failed optional dependency /home/user/node_modules/@esbuild/android-arm
112 silly reify mark deleted [ '/home/user/node_modules/@esbuild/android-arm' ]
113 verbose reify failed optional dependency /home/user/node_modules/@esbuild/aix-ppc64
114 silly reify mark deleted [ '/home/user/node_modules/@esbuild/aix-ppc64' ]
115 silly tarball no local data for yallist@https://registry.npmjs.org/yallist/-/yallist-3.1.1.tgz. Extracting by manifest.
116 silly tarball no local data for vite@https://registry.npmjs.org/vite/-/vite-6.4.3.tgz. Extracting by manifest.
117 silly tarball no local data for update-browserslist-db@https://registry.npmjs.org/update-browserslist-db/-/update-browserslist-db-1.2.3.tgz. Extracting by manifest.
118 silly tarball no local data for tslib@https://registry.npmjs.org/tslib/-/tslib-2.8.1.tgz. Extracting by manifest.
119 silly tarball no local data for tinyglobby@https://registry.npmjs.org/tinyglobby/-/tinyglobby-0.2.17.tgz. Extracting by manifest.
120 silly tarball no local data for source-map-js@https://registry.npmjs.org/source-map-js/-/source-map-js-1.2.1.tgz. Extracting by manifest.
121 silly tarball no local data for set-cookie-parser@https://registry.npmjs.org/set-cookie-parser/-/set-cookie-parser-2.7.2.tgz. Extracting by manifest.
122 silly tarball no local data for semver@https://registry.npmjs.org/semver/-/semver-6.3.1.tgz. Extracting by manifest.
123 silly tarball no local data for scheduler@https://registry.npmjs.org/scheduler/-/scheduler-0.23.2.tgz. Extracting by manifest.
124 silly tarball no local data for rollup@https://registry.npmjs.org/rollup/-/rollup-4.62.4.tgz. Extracting by manifest.
125 silly tarball no local data for react-router-dom@https://registry.npmjs.org/react-router-dom/-/react-router-dom-7.18.2.tgz. Extracting by manifest.
126 silly tarball no local data for react-router@https://registry.npmjs.org/react-router/-/react-router-7.18.2.tgz. Extracting by manifest.
127 silly tarball no local data for react-refresh@https://registry.npmjs.org/react-refresh/-/react-refresh-0.17.0.tgz. Extracting by manifest.
128 silly tarball no local data for react-dom@https://registry.npmjs.org/react-dom/-/react-dom-18.3.1.tgz. Extracting by manifest.
129 silly tarball no local data for react@https://registry.npmjs.org/react/-/react-18.3.1.tgz. Extracting by manifest.
130 silly tarball no local data for postcss@https://registry.npmjs.org/postcss/-/postcss-8.5.25.tgz. Extracting by manifest.
131 silly tarball no local data for picomatch@https://registry.npmjs.org/picomatch/-/picomatch-4.0.5.tgz. Extracting by manifest.
132 silly tarball no local data for picocolors@https://registry.npmjs.org/picocolors/-/picocolors-1.1.1.tgz. Extracting by manifest.
133 silly tarball no local data for node-releases@https://registry.npmjs.org/node-releases/-/node-releases-2.0.53.tgz. Extracting by manifest.
134 silly tarball no local data for nanoid@https://registry.npmjs.org/nanoid/-/nanoid-3.3.17.tgz. Extracting by manifest.
135 silly tarball no local data for ms@https://registry.npmjs.org/ms/-/ms-2.1.3.tgz. Extracting by manifest.
136 silly tarball no local data for lucide-react@https://registry.npmjs.org/lucide-react/-/lucide-react-0.468.0.tgz. Extracting by manifest.
137 silly tarball no local data for lru-cache@https://registry.npmjs.org/lru-cache/-/lru-cache-5.1.1.tgz. Extracting by manifest.
138 silly tarball no local data for loose-envify@https://registry.npmjs.org/loose-envify/-/loose-envify-1.4.0.tgz. Extracting by manifest.
139 silly tarball no local data for json5@https://registry.npmjs.org/json5/-/json5-2.2.3.tgz. Extracting by manifest.
140 silly tarball no local data for jsesc@https://registry.npmjs.org/jsesc/-/jsesc-3.1.0.tgz. Extracting by manifest.
141 silly tarball no local data for js-tokens@https://registry.npmjs.org/js-tokens/-/js-tokens-4.0.0.tgz. Extracting by manifest.
142 silly tarball no local data for iceberg-js@https://registry.npmjs.org/iceberg-js/-/iceberg-js-0.8.1.tgz. Extracting by manifest.
143 silly tarball no local data for gensync@https://registry.npmjs.org/gensync/-/gensync-1.0.0-beta.2.tgz. Extracting by manifest.
144 silly tarball no local data for fdir@https://registry.npmjs.org/fdir/-/fdir-6.5.0.tgz. Extracting by manifest.
145 silly tarball no local data for escalade@https://registry.npmjs.org/escalade/-/escalade-3.2.0.tgz. Extracting by manifest.
146 silly tarball no local data for esbuild@https://registry.npmjs.org/esbuild/-/esbuild-0.25.12.tgz. Extracting by manifest.
147 silly tarball no local data for electron-to-chromium@https://registry.npmjs.org/electron-to-chromium/-/electron-to-chromium-1.5.402.tgz. Extracting by manifest.
148 silly tarball no local data for debug@https://registry.npmjs.org/debug/-/debug-4.4.3.tgz. Extracting by manifest.
149 silly tarball no local data for cookie@https://registry.npmjs.org/cookie/-/cookie-1.1.1.tgz. Extracting by manifest.
150 silly tarball no local data for convert-source-map@https://registry.npmjs.org/convert-source-map/-/convert-source-map-2.0.0.tgz. Extracting by manifest.
151 silly tarball no local data for caniuse-lite@https://registry.npmjs.org/caniuse-lite/-/caniuse-lite-1.0.30001806.tgz. Extracting by manifest.
152 silly tarball no local data for browserslist@https://registry.npmjs.org/browserslist/-/browserslist-4.28.7.tgz. Extracting by manifest.
153 silly tarball no local data for baseline-browser-mapping@https://registry.npmjs.org/baseline-browser-mapping/-/baseline-browser-mapping-2.11.12.tgz. Extracting by manifest.
154 silly tarball no local data for @vitejs/plugin-react@https://registry.npmjs.org/@vitejs/plugin-react/-/plugin-react-4.7.0.tgz. Extracting by manifest.
155 silly tarball no local data for @types/estree@https://registry.npmjs.org/@types/estree/-/estree-1.0.9.tgz. Extracting by manifest.
156 silly tarball no local data for @types/babel__traverse@https://registry.npmjs.org/@types/babel__traverse/-/babel__traverse-7.28.0.tgz. Extracting by manifest.
157 silly tarball no local data for @types/babel__template@https://registry.npmjs.org/@types/babel__template/-/babel__template-7.4.4.tgz. Extracting by manifest.
158 silly tarball no local data for @types/babel__generator@https://registry.npmjs.org/@types/babel__generator/-/babel__generator-7.27.0.tgz. Extracting by manifest.
159 silly tarball no local data for @types/babel__core@https://registry.npmjs.org/@types/babel__core/-/babel__core-7.20.5.tgz. Extracting by manifest.
160 silly tarball no local data for @supabase/supabase-js@https://registry.npmjs.org/@supabase/supabase-js/-/supabase-js-2.109.0.tgz. Extracting by manifest.
161 silly tarball no local data for @supabase/storage-js@https://registry.npmjs.org/@supabase/storage-js/-/storage-js-2.109.0.tgz. Extracting by manifest.
162 silly tarball no local data for @supabase/realtime-js@https://registry.npmjs.org/@supabase/realtime-js/-/realtime-js-2.109.0.tgz. Extracting by manifest.
163 silly tarball no local data for @supabase/postgrest-js@https://registry.npmjs.org/@supabase/postgrest-js/-/postgrest-js-2.109.0.tgz. Extracting by manifest.
164 silly tarball no local data for @supabase/phoenix@https://registry.npmjs.org/@supabase/phoenix/-/phoenix-0.4.4.tgz. Extracting by manifest.
165 silly tarball no local data for @supabase/functions-js@https://registry.npmjs.org/@supabase/functions-js/-/functions-js-2.109.0.tgz. Extracting by manifest.
166 silly tarball no local data for @supabase/auth-js@https://registry.npmjs.org/@supabase/auth-js/-/auth-js-2.109.0.tgz. Extracting by manifest.
167 silly tarball no local data for @rollup/rollup-linux-x64-musl@https://registry.npmjs.org/@rollup/rollup-linux-x64-musl/-/rollup-linux-x64-musl-4.62.4.tgz. Extracting by manifest.
168 silly tarball no local data for @rollup/rollup-linux-x64-gnu@https://registry.npmjs.org/@rollup/rollup-linux-x64-gnu/-/rollup-linux-x64-gnu-4.62.4.tgz. Extracting by manifest.
169 silly tarball no local data for @rolldown/pluginutils@https://registry.npmjs.org/@rolldown/pluginutils/-/pluginutils-1.0.0-beta.27.tgz. Extracting by manifest.
170 silly tarball no local data for @jridgewell/trace-mapping@https://registry.npmjs.org/@jridgewell/trace-mapping/-/trace-mapping-0.3.31.tgz. Extracting by manifest.
171 silly tarball no local data for @jridgewell/sourcemap-codec@https://registry.npmjs.org/@jridgewell/sourcemap-codec/-/sourcemap-codec-1.5.5.tgz. Extracting by manifest.
172 silly tarball no local data for @jridgewell/resolve-uri@https://registry.npmjs.org/@jridgewell/resolve-uri/-/resolve-uri-3.1.2.tgz. Extracting by manifest.
173 silly tarball no local data for @jridgewell/remapping@https://registry.npmjs.org/@jridgewell/remapping/-/remapping-2.3.5.tgz. Extracting by manifest.
174 silly tarball no local data for @jridgewell/gen-mapping@https://registry.npmjs.org/@jridgewell/gen-mapping/-/gen-mapping-0.3.13.tgz. Extracting by manifest.
175 silly tarball no local data for @esbuild/linux-x64@https://registry.npmjs.org/@esbuild/linux-x64/-/linux-x64-0.25.12.tgz. Extracting by manifest.
176 silly tarball no local data for @babel/types@https://registry.npmjs.org/@babel/types/-/types-7.29.8.tgz. Extracting by manifest.
177 silly tarball no local data for @babel/traverse@https://registry.npmjs.org/@babel/traverse/-/traverse-7.29.8.tgz. Extracting by manifest.
178 silly tarball no local data for @babel/template@https://registry.npmjs.org/@babel/template/-/template-7.29.7.tgz. Extracting by manifest.
179 silly tarball no local data for @babel/plugin-transform-react-jsx-source@https://registry.npmjs.org/@babel/plugin-transform-react-jsx-source/-/plugin-transform-react-jsx-source-7.29.7.tgz. Extracting by manifest.
180 silly tarball no local data for @babel/plugin-transform-react-jsx-self@https://registry.npmjs.org/@babel/plugin-transform-react-jsx-self/-/plugin-transform-react-jsx-self-7.29.7.tgz. Extracting by manifest.
181 silly tarball no local data for @babel/parser@https://registry.npmjs.org/@babel/parser/-/parser-7.29.8.tgz. Extracting by manifest.
182 silly tarball no local data for @babel/helpers@https://registry.npmjs.org/@babel/helpers/-/helpers-7.29.7.tgz. Extracting by manifest.
183 silly tarball no local data for @babel/helper-validator-option@https://registry.npmjs.org/@babel/helper-validator-option/-/helper-validator-option-7.29.7.tgz. Extracting by manifest.
184 silly tarball no local data for @babel/helper-validator-identifier@https://registry.npmjs.org/@babel/helper-validator-identifier/-/helper-validator-identifier-7.29.7.tgz. Extracting by manifest.
185 silly tarball no local data for @babel/helper-string-parser@https://registry.npmjs.org/@babel/helper-string-parser/-/helper-string-parser-7.29.7.tgz. Extracting by manifest.
186 silly tarball no local data for @babel/helper-plugin-utils@https://registry.npmjs.org/@babel/helper-plugin-utils/-/helper-plugin-utils-7.29.7.tgz. Extracting by manifest.
187 silly tarball no local data for @babel/helper-module-transforms@https://registry.npmjs.org/@babel/helper-module-transforms/-/helper-module-transforms-7.29.7.tgz. Extracting by manifest.
188 silly tarball no local data for @babel/helper-module-imports@https://registry.npmjs.org/@babel/helper-module-imports/-/helper-module-imports-7.29.7.tgz. Extracting by manifest.
189 silly tarball no local data for @babel/helper-globals@https://registry.npmjs.org/@babel/helper-globals/-/helper-globals-7.29.7.tgz. Extracting by manifest.
190 silly tarball no local data for @babel/helper-compilation-targets@https://registry.npmjs.org/@babel/helper-compilation-targets/-/helper-compilation-targets-7.29.7.tgz. Extracting by manifest.
191 silly tarball no local data for @babel/generator@https://registry.npmjs.org/@babel/generator/-/generator-7.29.8.tgz. Extracting by manifest.
192 silly tarball no local data for @babel/core@https://registry.npmjs.org/@babel/core/-/core-7.29.7.tgz. Extracting by manifest.
193 silly tarball no local data for @babel/compat-data@https://registry.npmjs.org/@babel/compat-data/-/compat-data-7.29.7.tgz. Extracting by manifest.
194 silly tarball no local data for @babel/code-frame@https://registry.npmjs.org/@babel/code-frame/-/code-frame-7.29.7.tgz. Extracting by manifest.
195 http fetch POST 200 https://registry.npmjs.org/-/npm/v1/security/advisories/bulk 312ms
196 silly audit report {
196 silly audit report   'react-router': [
196 silly audit report     {
196 silly audit report       id: 1124282,
196 silly audit report       url: 'https://github.com/advisories/GHSA-qwww-vcr4-c8h2',
196 silly audit report       title: 'React Router: RSC Mode CSRF Bypass Allows Action Execution Before 400 Response',
196 silly audit report       severity: 'high',
196 silly audit report       vulnerable_versions: '>=7.12.0 <8.3.0',
196 silly audit report       cwe: [Array],
196 silly audit report       cvss: [Object]
196 silly audit report     }
196 silly audit report   ]
196 silly audit report }
197 silly packumentCache corgi:https://registry.npmjs.org/react-router cache-miss
198 http fetch GET 200 https://registry.npmjs.org/escalade/-/escalade-3.2.0.tgz 755ms (cache miss)
199 http fetch GET 200 https://registry.npmjs.org/react-router-dom/-/react-router-dom-7.18.2.tgz 778ms (cache miss)
200 http fetch GET 200 https://registry.npmjs.org/set-cookie-parser/-/set-cookie-parser-2.7.2.tgz 780ms (cache miss)
201 http fetch GET 200 https://registry.npmjs.org/picocolors/-/picocolors-1.1.1.tgz 776ms (cache miss)
202 http fetch GET 200 https://registry.npmjs.org/fdir/-/fdir-6.5.0.tgz 768ms (cache miss)
203 http fetch GET 200 https://registry.npmjs.org/js-tokens/-/js-tokens-4.0.0.tgz 771ms (cache miss)
204 http fetch GET 200 https://registry.npmjs.org/@types/babel__generator/-/babel__generator-7.27.0.tgz 763ms (cache miss)
205 http fetch GET 200 https://registry.npmjs.org/tinyglobby/-/tinyglobby-0.2.17.tgz 794ms (cache miss)
206 http fetch GET 200 https://registry.npmjs.org/lru-cache/-/lru-cache-5.1.1.tgz 785ms (cache miss)
207 http fetch GET 200 https://registry.npmjs.org/gensync/-/gensync-1.0.0-beta.2.tgz 779ms (cache miss)
208 http fetch GET 200 https://registry.npmjs.org/@types/babel__template/-/babel__template-7.4.4.tgz 771ms (cache miss)
209 http fetch GET 200 https://registry.npmjs.org/update-browserslist-db/-/update-browserslist-db-1.2.3.tgz 801ms (cache miss)
210 http fetch GET 200 https://registry.npmjs.org/yallist/-/yallist-3.1.1.tgz 804ms (cache miss)
211 http fetch GET 200 https://registry.npmjs.org/node-releases/-/node-releases-2.0.53.tgz 794ms (cache miss)
212 http fetch GET 200 https://registry.npmjs.org/ms/-/ms-2.1.3.tgz 794ms (cache miss)
213 http fetch GET 200 https://registry.npmjs.org/convert-source-map/-/convert-source-map-2.0.0.tgz 783ms (cache miss)
214 http fetch GET 200 https://registry.npmjs.org/@babel/helper-compilation-targets/-/helper-compilation-targets-7.29.7.tgz 749ms (cache miss)
215 http fetch GET 200 https://registry.npmjs.org/react-refresh/-/react-refresh-0.17.0.tgz 805ms (cache miss)
216 http fetch GET 200 https://registry.npmjs.org/loose-envify/-/loose-envify-1.4.0.tgz 800ms (cache miss)
217 http fetch GET 200 https://registry.npmjs.org/@vitejs/plugin-react/-/plugin-react-4.7.0.tgz 789ms (cache miss)
218 http fetch GET 200 https://registry.npmjs.org/@types/babel__traverse/-/babel__traverse-7.28.0.tgz 789ms (cache miss)
219 http fetch GET 200 https://registry.npmjs.org/@rolldown/pluginutils/-/pluginutils-1.0.0-beta.27.tgz 777ms (cache miss)
220 http fetch GET 200 https://registry.npmjs.org/@types/estree/-/estree-1.0.9.tgz 793ms (cache miss)
221 http fetch GET 200 https://registry.npmjs.org/@jridgewell/resolve-uri/-/resolve-uri-3.1.2.tgz 779ms (cache miss)
222 http fetch GET 200 https://registry.npmjs.org/@babel/plugin-transform-react-jsx-self/-/plugin-transform-react-jsx-self-7.29.7.tgz 782ms (cache miss)
223 http fetch GET 200 https://registry.npmjs.org/@babel/plugin-transform-react-jsx-source/-/plugin-transform-react-jsx-source-7.29.7.tgz 784ms (cache miss)
224 http fetch GET 200 https://registry.npmjs.org/@babel/helper-globals/-/helper-globals-7.29.7.tgz 774ms (cache miss)
225 http fetch GET 200 https://registry.npmjs.org/@babel/helper-plugin-utils/-/helper-plugin-utils-7.29.7.tgz 788ms (cache miss)
226 http fetch GET 200 https://registry.npmjs.org/@babel/helper-validator-option/-/helper-validator-option-7.29.7.tgz 791ms (cache miss)
227 http fetch GET 200 https://registry.npmjs.org/@babel/helper-validator-identifier/-/helper-validator-identifier-7.29.7.tgz 791ms (cache miss)
228 http fetch GET 200 https://registry.npmjs.org/@babel/helper-string-parser/-/helper-string-parser-7.29.7.tgz 790ms (cache miss)
229 http fetch GET 200 https://registry.npmjs.org/@babel/compat-data/-/compat-data-7.29.7.tgz 789ms (cache miss)
230 http fetch GET 200 https://registry.npmjs.org/iceberg-js/-/iceberg-js-0.8.1.tgz 836ms (cache miss)
231 http fetch GET 200 https://registry.npmjs.org/@babel/code-frame/-/code-frame-7.29.7.tgz 795ms (cache miss)
232 http fetch GET 200 https://registry.npmjs.org/@types/babel__core/-/babel__core-7.20.5.tgz 825ms (cache miss)
233 http fetch GET 200 https://registry.npmjs.org/jsesc/-/jsesc-3.1.0.tgz 847ms (cache miss)
234 http fetch GET 200 https://registry.npmjs.org/@babel/helper-module-imports/-/helper-module-imports-7.29.7.tgz 810ms (cache miss)
235 http fetch GET 200 https://registry.npmjs.org/nanoid/-/nanoid-3.3.17.tgz 855ms (cache miss)
236 http fetch GET 200 https://registry.npmjs.org/esbuild/-/esbuild-0.25.12.tgz 845ms (cache miss)
237 http fetch GET 200 https://registry.npmjs.org/cookie/-/cookie-1.1.1.tgz 852ms (cache miss)
238 http fetch GET 200 https://registry.npmjs.org/debug/-/debug-4.4.3.tgz 866ms (cache miss)
239 http fetch GET 200 https://registry.npmjs.org/semver/-/semver-6.3.1.tgz 890ms (cache miss)
240 http fetch GET 200 https://registry.npmjs.org/baseline-browser-mapping/-/baseline-browser-mapping-2.11.12.tgz 881ms (cache miss)
241 http fetch GET 200 https://registry.npmjs.org/scheduler/-/scheduler-0.23.2.tgz 912ms (cache miss)
242 http fetch GET 200 https://registry.npmjs.org/browserslist/-/browserslist-4.28.7.tgz 895ms (cache miss)
243 http fetch GET 200 https://registry.npmjs.org/@babel/helper-module-transforms/-/helper-module-transforms-7.29.7.tgz 867ms (cache miss)
244 http fetch GET 200 https://registry.npmjs.org/@babel/template/-/template-7.29.7.tgz 881ms (cache miss)
245 http fetch GET 200 https://registry.npmjs.org/tslib/-/tslib-2.8.1.tgz 931ms (cache miss)
246 http fetch GET 200 https://registry.npmjs.org/picomatch/-/picomatch-4.0.5.tgz 933ms (cache miss)
247 http fetch GET 200 https://registry.npmjs.org/electron-to-chromium/-/electron-to-chromium-1.5.402.tgz 929ms (cache miss)
248 http fetch GET 200 https://registry.npmjs.org/@jridgewell/sourcemap-codec/-/sourcemap-codec-1.5.5.tgz 910ms (cache miss)
249 http fetch GET 200 https://registry.npmjs.org/@jridgewell/remapping/-/remapping-2.3.5.tgz 921ms (cache miss)
250 http fetch GET 200 https://registry.npmjs.org/source-map-js/-/source-map-js-1.2.1.tgz 1012ms (cache miss)
251 http fetch GET 200 https://registry.npmjs.org/@jridgewell/gen-mapping/-/gen-mapping-0.3.13.tgz 986ms (cache miss)
252 http fetch GET 200 https://registry.npmjs.org/@jridgewell/trace-mapping/-/trace-mapping-0.3.31.tgz 1008ms (cache miss)
253 http fetch GET 200 https://registry.npmjs.org/json5/-/json5-2.2.3.tgz 1040ms (cache miss)
254 http fetch GET 200 https://registry.npmjs.org/react/-/react-18.3.1.tgz 1063ms (cache miss)
255 http fetch GET 200 https://registry.npmjs.org/@supabase/supabase-js/-/supabase-js-2.109.0.tgz 1100ms (cache miss)
256 http fetch GET 200 https://registry.npmjs.org/postcss/-/postcss-8.5.25.tgz 1127ms (cache miss)
257 http fetch GET 200 https://registry.npmjs.org/@babel/generator/-/generator-7.29.8.tgz 1081ms (cache miss)
258 http fetch GET 200 https://registry.npmjs.org/@supabase/functions-js/-/functions-js-2.109.0.tgz 1139ms (cache miss)
259 http fetch GET 200 https://registry.npmjs.org/react-router 974ms (cache miss)
260 silly packumentCache corgi:https://registry.npmjs.org/react-router set size:undefined disposed:false
261 http fetch GET 200 https://registry.npmjs.org/@supabase/phoenix/-/phoenix-0.4.4.tgz 1267ms (cache miss)
262 http fetch GET 200 https://registry.npmjs.org/@supabase/storage-js/-/storage-js-2.109.0.tgz 1290ms (cache miss)
263 silly packumentCache corgi:https://registry.npmjs.org/react-router-dom cache-miss
264 http fetch GET 200 https://registry.npmjs.org/@babel/traverse/-/traverse-7.29.8.tgz 1302ms (cache miss)
265 http fetch GET 200 https://registry.npmjs.org/@babel/parser/-/parser-7.29.8.tgz 1379ms (cache miss)
266 http fetch GET 200 https://registry.npmjs.org/@supabase/postgrest-js/-/postgrest-js-2.109.0.tgz 1402ms (cache miss)
267 http fetch GET 200 https://registry.npmjs.org/@rollup/rollup-linux-x64-musl/-/rollup-linux-x64-musl-4.62.4.tgz 1474ms (cache miss)
268 http fetch GET 200 https://registry.npmjs.org/@rollup/rollup-linux-x64-gnu/-/rollup-linux-x64-gnu-4.62.4.tgz 1484ms (cache miss)
269 http fetch GET 200 https://registry.npmjs.org/react-router-dom 259ms (cache miss)
270 silly packumentCache corgi:https://registry.npmjs.org/react-router-dom set size:undefined disposed:false
271 http fetch GET 200 https://registry.npmjs.org/rollup/-/rollup-4.62.4.tgz 2512ms (cache miss)
272 http fetch GET 200 https://registry.npmjs.org/@babel/core/-/core-7.29.7.tgz 2456ms (cache miss)
273 http fetch GET 200 https://registry.npmjs.org/@supabase/realtime-js/-/realtime-js-2.109.0.tgz 2489ms (cache miss)
274 http fetch GET 200 https://registry.npmjs.org/vite/-/vite-6.4.3.tgz 2526ms (cache miss)
275 http fetch GET 200 https://registry.npmjs.org/@babel/helpers/-/helpers-7.29.7.tgz 2536ms (cache miss)
276 http fetch GET 200 https://registry.npmjs.org/react-dom/-/react-dom-18.3.1.tgz 2618ms (cache miss)
277 http fetch GET 200 https://registry.npmjs.org/@babel/types/-/types-7.29.8.tgz 2619ms (cache miss)
278 http fetch GET 200 https://registry.npmjs.org/@supabase/auth-js/-/auth-js-2.109.0.tgz 2632ms (cache miss)
279 http fetch GET 200 https://registry.npmjs.org/react-router/-/react-router-7.18.2.tgz 2728ms (cache miss)
280 http fetch GET 200 https://registry.npmjs.org/@esbuild/linux-x64/-/linux-x64-0.25.12.tgz 2753ms (cache miss)
281 http fetch GET 200 https://registry.npmjs.org/caniuse-lite/-/caniuse-lite-1.0.30001806.tgz 2819ms (cache miss)
282 http fetch GET 200 https://registry.npmjs.org/lucide-react/-/lucide-react-0.468.0.tgz 3423ms (cache miss)
283 info run esbuild@0.25.12 postinstall node_modules/esbuild node install.js
284 info run esbuild@0.25.12 postinstall { code: 0, signal: null }
285 silly ADD node_modules/yallist
286 silly ADD node_modules/vite
287 silly ADD node_modules/update-browserslist-db
288 silly ADD node_modules/tslib
289 silly ADD node_modules/tinyglobby
290 silly ADD node_modules/source-map-js
291 silly ADD node_modules/set-cookie-parser
292 silly ADD node_modules/semver
293 silly ADD node_modules/scheduler
294 silly ADD node_modules/rollup
295 silly ADD node_modules/react-router-dom
296 silly ADD node_modules/react-router
297 silly ADD node_modules/react-refresh
298 silly ADD node_modules/react-dom
299 silly ADD node_modules/react
300 silly ADD node_modules/postcss
301 silly ADD node_modules/picomatch
302 silly ADD node_modules/picocolors
303 silly ADD node_modules/node-releases
304 silly ADD node_modules/nanoid
305 silly ADD node_modules/ms
306 silly ADD node_modules/lucide-react
307 silly ADD node_modules/lru-cache
308 silly ADD node_modules/loose-envify
309 silly ADD node_modules/json5
310 silly ADD node_modules/jsesc
311 silly ADD node_modules/js-tokens
312 silly ADD node_modules/iceberg-js
313 silly ADD node_modules/gensync
314 silly ADD
315 silly ADD node_modules/fdir
316 silly ADD node_modules/escalade
317 silly ADD node_modules/esbuild
318 silly ADD node_modules/electron-to-chromium
319 silly ADD node_modules/debug
320 silly ADD node_modules/cookie
321 silly ADD node_modules/convert-source-map
322 silly ADD node_modules/caniuse-lite
323 silly ADD node_modules/browserslist
324 silly ADD node_modules/baseline-browser-mapping
325 silly ADD node_modules/@vitejs/plugin-react
326 silly ADD node_modules/@types/estree
327 silly ADD node_modules/@types/babel__traverse
328 silly ADD node_modules/@types/babel__template
329 silly ADD node_modules/@types/babel__generator
330 silly ADD node_modules/@types/babel__core
331 silly ADD node_modules/@supabase/supabase-js
332 silly ADD node_modules/@supabase/storage-js
333 silly ADD node_modules/@supabase/realtime-js
334 silly ADD node_modules/@supabase/postgrest-js
335 silly ADD node_modules/@supabase/phoenix
336 silly ADD node_modules/@supabase/functions-js
337 silly ADD node_modules/@supabase/auth-js
338 silly ADD
339 silly ADD
340 silly ADD
341 silly ADD
342 silly ADD
343 silly ADD
344 silly ADD node_modules/@rollup/rollup-linux-x64-musl
345 silly ADD node_modules/@rollup/rollup-linux-x64-gnu
346 silly ADD
347 silly ADD
348 silly ADD
349 silly ADD
350 silly ADD
351 silly ADD
352 silly ADD
353 silly ADD
354 silly ADD
355 silly ADD
356 silly ADD
357 silly ADD
358 silly ADD
359 silly ADD
360 silly ADD
361 silly ADD
362 silly ADD
363 silly ADD node_modules/@rolldown/pluginutils
364 silly ADD
365 silly ADD node_modules/@jridgewell/trace-mapping
366 silly ADD node_modules/@jridgewell/sourcemap-codec
367 silly ADD node_modules/@jridgewell/resolve-uri
368 silly ADD node_modules/@jridgewell/remapping
369 silly ADD node_modules/@jridgewell/gen-mapping
370 silly ADD
371 silly ADD
372 silly ADD
373 silly ADD
374 silly ADD
375 silly ADD
376 silly ADD
377 silly ADD
378 silly ADD
379 silly ADD node_modules/@esbuild/linux-x64
380 silly ADD
381 silly ADD
382 silly ADD
383 silly ADD
384 silly ADD
385 silly ADD
386 silly ADD
387 silly ADD
388 silly ADD
389 silly ADD
390 silly ADD
391 silly ADD
392 silly ADD
393 silly ADD
394 silly ADD
395 silly ADD
396 silly ADD node_modules/@babel/types
397 silly ADD node_modules/@babel/traverse
398 silly ADD node_modules/@babel/template
399 silly ADD node_modules/@babel/plugin-transform-react-jsx-source
400 silly ADD node_modules/@babel/plugin-transform-react-jsx-self
401 silly ADD node_modules/@babel/parser
402 silly ADD node_modules/@babel/helpers
403 silly ADD node_modules/@babel/helper-validator-option
404 silly ADD node_modules/@babel/helper-validator-identifier
405 silly ADD node_modules/@babel/helper-string-parser
406 silly ADD node_modules/@babel/helper-plugin-utils
407 silly ADD node_modules/@babel/helper-module-transforms
408 silly ADD node_modules/@babel/helper-module-imports
409 silly ADD node_modules/@babel/helper-globals
410 silly ADD node_modules/@babel/helper-compilation-targets
411 silly ADD node_modules/@babel/generator
412 silly ADD node_modules/@babel/core
413 silly ADD node_modules/@babel/compat-data
414 silly ADD node_modules/@babel/code-frame
415 verbose cwd /home/user
416 verbose os Linux 6.1.158+
417 verbose node v20.20.2
418 verbose npm  v10.8.2
419 verbose exit 0
420 info ok
